C51 COMPILER V9.00   MAIN                                                                  07/06/2015 03:11:57 PAGE 1   


C51 COMPILER V9.00, COMPILATION OF MODULE MAIN
OBJECT MODULE PLACED IN main.OBJ
COMPILER INVOKED BY: C:\Keil\C51\BIN\C51.EXE main.c BROWSE DEBUG OBJECTEXTEND

line level    source

   1          /**********************BST-V51实验开发板例程************************
   2          *  平台：BST-M51 + Keil U4 + STC89C52
   3          *  名称：红外接收模块实验
   4          *  公司：深圳市亚博软件开发有限公司      
   5          *  日期：2015-6
   6          *  晶振:11.0592MHZ
   7          *  说明：免费开源，不提供源代码分析.
   8          ******************************************************************/
   9          /*-----------------------------------------------
  10            名称：遥控器红外解码数码管显示
  11            内容：按配套遥控器上1-9会在数码管上对应显示
  12          ------------------------------------------------*/
  13          #include<reg52.h>    //包含头文件，一般情况不需要改动，头文件包含特殊功能寄存器的定义
  14          
  15          sbit IR=P3^2;  //红外接口标志
  16          
  17          #define DataPort P0 //定义数据端口 程序中遇到DataPort 则用P0 替换
  18          sbit wei1 = P2^4;//定义第一位数码管
  19          sbit wei2 = P2^5;//定义第二位数码管
  20          sbit wei3 = P2^6;//定义第三位数码管
  21          sbit wei4 = P2^7;//定义第四位数码管
  22          /*------------------------------------------------
  23                          全局变量声明
  24          ------------------------------------------------*/
  25          
  26          unsigned char code DuanMa[10]={0x3f,0x06,0x5b,0x4f,0x66,0x6d,0x7d,
  27                                                                     0x07,0x7f,0x6f};// 显示段码值0~9
  28          unsigned char  irtime;//红外用全局变量
  29          
  30          bit irpro_ok,irok;
  31          unsigned char IRcord[4];
  32          unsigned char irdata[33];
  33          
  34          /*------------------------------------------------
  35                            函数声明
  36          ------------------------------------------------*/
  37          
  38          void Ir_work(void);
  39          void Ircordpro(void);
  40          
  41          /*------------------------------------------------
  42                            定时器0中断处理
  43          ------------------------------------------------*/
  44          
  45          void tim0_isr (void) interrupt 1 using 1
  46          {
  47   1        irtime++;  //用于计数2个下降沿之间的时间
  48   1      }
  49          
  50          /*------------------------------------------------
  51                            外部中断0中断处理
  52          ------------------------------------------------*/
  53          void EX0_ISR (void) interrupt 0 //外部中断0服务函数
  54          {
  55   1              static unsigned char  i;             //接收红外信号处理
C51 COMPILER V9.00   MAIN                                                                  07/06/2015 03:11:57 PAGE 2   

  56   1              static bit startflag;                //是否开始处理标志位
  57   1      
  58   1              if(startflag)                         
  59   1              {
  60   2                      if(irtime<63&&irtime>=33)//引导码 TC9012的头码，9ms+4.5ms
  61   2                      i=0;
  62   2                      irdata[i]=irtime;//存储每个电平的持续时间，用于以后判断是0还是1
  63   2                      irtime=0;
  64   2                      i++;
  65   2                      if(i==33)
  66   2                      {
  67   3                       irok=1;
  68   3                       i=0;
  69   3                      }
  70   2              }
  71   1              else
  72   1              {
  73   2                      irtime=0;
  74   2                      startflag=1;
  75   2              }
  76   1      
  77   1      }
  78          
  79          /*------------------------------------------------
  80                          定时器0初始化
  81          ------------------------------------------------*/
  82          void TIM0init(void)//定时器0初始化
  83          {
  84   1      
  85   1        TMOD=0x02;//定时器0工作方式2，TH0是重装值，TL0是初值
  86   1        TH0=0x00; //重载值
  87   1        TL0=0x00; //初始化值
  88   1        ET0=1;    //开中断
  89   1        TR0=1;    
  90   1      }
  91          /*------------------------------------------------
  92                            外部中断0初始化
  93          ------------------------------------------------*/
  94          void EX0init(void)
  95          {
  96   1       IT0 = 1;   //指定外部中断0下降沿触发，INT0 (P3.2)
  97   1       EX0 = 1;   //使能外部中断
  98   1       EA = 1;    //开总中断
  99   1      }
 100          /*------------------------------------------------
 101                            键值处理
 102          ------------------------------------------------*/
 103          
 104          void Ir_work(void)//红外键值散转程序
 105          {
 106   1             switch(IRcord[2])//判断第三个数码值
 107   1                       {
 108   2                               case 0x0c:DataPort=DuanMa[1];break;//1 显示相应的按键值
 109   2                               case 0x18:DataPort=DuanMa[2];break;//2
 110   2                               case 0x5e:DataPort=DuanMa[3];break;//3
 111   2                               case 0x08:DataPort=DuanMa[4];break;//4
 112   2                               case 0x1c:DataPort=DuanMa[5];break;//5
 113   2                               case 0x5a:DataPort=DuanMa[6];break;//6
 114   2                               case 0x42:DataPort=DuanMa[7];break;//7
 115   2                               case 0x52:DataPort=DuanMa[8];break;//8
 116   2                               case 0x4a:DataPort=DuanMa[9];break;//9
 117   2                   default:break;
C51 COMPILER V9.00   MAIN                                                                  07/06/2015 03:11:57 PAGE 3   

 118   2                               }
 119   1      
 120   1                        irpro_ok=0;//处理完成标志
 121   1      
 122   1        }
 123          /*------------------------------------------------
 124                          红外码值处理
 125          ------------------------------------------------*/
 126          void Ircordpro(void)//红外码值处理函数
 127          { 
 128   1        unsigned char i, j, k;
 129   1        unsigned char cord,value;
 130   1      
 131   1        k=1;
 132   1        for(i=0;i<4;i++)      //处理4个字节
 133   1           {
 134   2            for(j=1;j<=8;j++) //处理1个字节8位
 135   2               {
 136   3                cord=irdata[k];
 137   3                if(cord>7)//大于某值为1，这个和晶振有绝对关系，这里使用12M计算，此值可以有一定误差
 138   3                   value|=0x80;
 139   3                if(j<8)
 140   3                          {
 141   4                               value>>=1;
 142   4                              }
 143   3                 k++;
 144   3               }
 145   2           IRcord[i]=value;
 146   2           value=0;     
 147   2           } 
 148   1               irpro_ok=1;//处理完毕标志位置1
 149   1      }
 150          
 151          /*------------------------------------------------
 152                              主函数
 153          ------------------------------------------------*/
 154          void main(void)
 155          {
 156   1       EX0init(); //初始化外部中断
 157   1       TIM0init();//初始化定时器
 158   1      
 159   1        wei1 = 1; //第一位数码管选通
 160   1        wei2 = 1; //第二位数码管选通
 161   1        wei3 = 1; //第三位数码管选通
 162   1        wei4 = 1;     //第四位数码管选通
 163   1      
 164   1       while(1)//主循环
 165   1         {
 166   2          if(irok)                        //如果接收好了进行红外处理
 167   2                {   
 168   3                 Ircordpro();
 169   3                 irok=0;
 170   3                }
 171   2      
 172   2          if(irpro_ok)                   //如果处理好后进行工作处理，如按对应的按键后显示对应的数字等
 173   2                {
 174   3                 Ir_work();
 175   3                }
 176   2         }
 177   1      }
 178            
 179            
C51 COMPILER V9.00   MAIN                                                                  07/06/2015 03:11:57 PAGE 4   



MODULE INFORMATION:   STATIC OVERLAYABLE
   CODE SIZE        =    253    ----
   CONSTANT SIZE    =     10    ----
   XDATA SIZE       =   ----    ----
   PDATA SIZE       =   ----    ----
   DATA SIZE        =     39    ----
   IDATA SIZE       =   ----    ----
   BIT SIZE         =      3    ----
END OF MODULE INFORMATION.


C51 COMPILATION COMPLETE.  0 WARNING(S),  0 ERROR(S)
