C51 COMPILER V9.00   MAIN                                                                  07/23/2015 11:59:39 PAGE 1   


C51 COMPILER V9.00, COMPILATION OF MODULE MAIN
OBJECT MODULE PLACED IN main.OBJ
COMPILER INVOKED BY: C:\Keil\C51\BIN\C51.EXE main.c BROWSE DEBUG OBJECTEXTEND

line level    source

   1          
   2          /**********************BST-M51实验开发板例程************************
   3          *  平台：BST-M51 + Keil U4 + STC89C52
   4          *  名称：报警模块实验
   5          *  公司：深圳市亚博软件开发有限公司       
   6          *  日期：2015-6
   7          *  晶振:11.0592MHZ
   8          *  说明：免费开源，不提供源代码分析.
   9          ******************************************************************/
  10          //实验目的：流模拟消防车发声
  11          #include<reg52.h> //包含头文件，一般情况不需要改动，头文件包含特殊功能寄存器的定义
  12          
  13          sbit SPK=P2^3;    //定义喇叭端口
  14          unsigned char frq; 
  15          
  16          void DelayUs2x(unsigned char t);//函数声明 
  17          void DelayMs(unsigned char t);
  18          /*------------------------------------------------
  19                              定时器初始化子程序
  20          ------------------------------------------------*/
  21          void Init_Timer0(void)
  22          {
  23   1       TMOD |= 0x01;    //使用模式1，16位定时器，使用"|"符号可以在使用多个定时器时不受影响                 
  24   1       //TH0=0x00;          //给定初值
  25   1       //TL0=0x00;
  26   1       EA=1;            //总中断打开
  27   1       ET0=1;           //定时器中断打开
  28   1       TR0=1;           //定时器开关打开
  29   1      }
  30          /*------------------------------------------------
  31                              主函数
  32          ------------------------------------------------*/
  33          main()
  34          {
  35   1       unsigned char i;
  36   1       Init_Timer0(); //初始化定时器
  37   1       while(1)
  38   1            {
  39   2         for(i=0;i<200;i++)
  40   2            {
  41   3            DelayMs(10); //延时10ms，累加频率值
  42   3                frq=i;
  43   3                }
  44   2         for(i=200;i>0;i--)
  45   2            {
  46   3            DelayMs(10); //延时10ms，累减频率值
  47   3                frq=i;
  48   3                }
  49   2                
  50   2                }
  51   1      }
  52          /*------------------------------------------------
  53           uS延时函数，含有输入参数 unsigned char t，无返回值
  54           unsigned char 是定义无符号字符变量，其值的范围是
  55           0~255 这里使用晶振12M，精确延时请使用汇编,大致延时
C51 COMPILER V9.00   MAIN                                                                  07/23/2015 11:59:39 PAGE 2   

  56           长度如下 T=tx2+5 uS 
  57          ------------------------------------------------*/
  58          void DelayUs2x(unsigned char t)
  59          {   
  60   1       while(--t);
  61   1      }
  62          /*------------------------------------------------
  63           mS延时函数，含有输入参数 unsigned char t，无返回值
  64           unsigned char 是定义无符号字符变量，其值的范围是
  65           0~255 这里使用晶振12M，精确延时请使用汇编
  66          ------------------------------------------------*/
  67          void DelayMs(unsigned char t)
  68          {
  69   1           
  70   1       while(t--)
  71   1       {
  72   2           //大致延时1mS
  73   2           DelayUs2x(245);
  74   2               DelayUs2x(245);
  75   2       }
  76   1      }/*------------------------------------------------
  77                           定时器中断子程序
  78          ------------------------------------------------*/
  79          void Timer0_isr(void) interrupt 1 
  80          {
  81   1       TH0=0xfe;                //重新赋值 
  82   1       TL0=frq;         //低8位值在主程序中不断累加
  83   1       
  84   1       SPK=!SPK;        //端口电平取反
  85   1      
  86   1      }
  87          


MODULE INFORMATION:   STATIC OVERLAYABLE
   CODE SIZE        =     88    ----
   CONSTANT SIZE    =   ----    ----
   XDATA SIZE       =   ----    ----
   PDATA SIZE       =   ----    ----
   DATA SIZE        =      1       1
   IDATA SIZE       =   ----    ----
   BIT SIZE         =   ----    ----
END OF MODULE INFORMATION.


C51 COMPILATION COMPLETE.  0 WARNING(S),  0 ERROR(S)
